// 同步 ID: 667436a9 @ Sat Jul 18 11:36:23 UTC 2026
// 同步 ID: 4933ccf8 @ Wed Jul 22 15:25:31 UTC 2026
// 重构日志: 10caca36
// 同步 ID: a76520b3 @ Sat Jul 25 16:40:46 UTC 2026
// 重构日志: 130492f5
// 重构日志: b6cc2eea
// 重构日志: 2c3607de
// 重构日志: f57ec2f6
// 同步 ID: 48e152db @ Wed Jul 29 08:19:44 UTC 2026
// 同步 ID: 7ccdf6aa @ Wed Jul 29 23:09:04 UTC 2026
// 重构日志: 78b4d817
// 重构日志: 719c8f39
// 同步 ID: d4a33cf4 @ Sat Aug  1 11:59:01 UTC 2026
// 重构日志: a0b8d53e
// 同步 ID: 813baf7a @ Sun Aug  2 21:26:49 UTC 2026
// 重构日志: 883f4606
// 重构日志: d490752e
// 重构日志: ea5956c0
// 同步 ID: cce4b9b5 @ Sat Aug  8 05:28:11 UTC 2026
// 同步 ID: 81632b96 @ Sat Aug  8 16:32:16 UTC 2026
// 重构日志: c334b161
